// Jest Snapshot v1, https://goo.gl/fbAQLP

exports[`<CategoriesContainer /> should has options 1`] = `10`;
