// Jest Snapshot v1, https://goo.gl/fbAQLP

exports[`<ShowTableCellComponent /> Should render content 1`] = `true`;
