// Jest Snapshot v1, https://goo.gl/fbAQLP

exports[`action test Dispatches the correct action and payload 1`] = `
Array [
  Object {
    "type": "FETCH_SHOWS_REQUEST",
  },
]
`;
